🚀 [Orquestador NASA] Iniciando para: Bitácora de Ensayos | Sitio: ensayos | Scope: all
   📁 DIST_PATH: /var/www/dist
   ⏱️ [inicio] procesados=0 lotes=0 uso=40.41 MB memoria=42.5 MB pico=42.5 MB tiempo=0.19s
🧹 Opcion --force activada. Invalidando la firma y forzando rebuild completo...
   ✔️ Assets de KaTeX publicados en /var/www/dist/vendor/katex
🧹 Limpieza de vida/muerte: 11 directorios HTML huerfanos eliminados en /var/www/dist
📊 Registros sucios/pendientes en BD: 300000 | Bloques: 1000 | Páginas a procesar: 300
   ⏱️ [posts] procesados=1000 lotes=1/300 uso=53.74 MB memoria=58.5 MB pico=58.5 MB tiempo=4.66s
   ⏱️ [posts] procesados=2000 lotes=2/300 uso=55.67 MB memoria=58.5 MB pico=58.5 MB tiempo=8.02s
   ⏱️ [posts] procesados=3000 lotes=3/300 uso=56.62 MB memoria=58.5 MB pico=58.5 MB tiempo=11.4s
   ⏱️ [posts] procesados=4000 lotes=4/300 uso=54.69 MB memoria=58.5 MB pico=58.5 MB tiempo=14.76s
   ⏱️ [posts] procesados=5000 lotes=5/300 uso=57.62 MB memoria=60.5 MB pico=60.5 MB tiempo=18.18s
   ⏱️ [posts] procesados=6000 lotes=6/300 uso=58.24 MB memoria=60.5 MB pico=60.5 MB tiempo=21.49s
   ⏱️ [posts] procesados=7000 lotes=7/300 uso=58.87 MB memoria=60.5 MB pico=60.5 MB tiempo=24.75s
   ⏱️ [posts] procesados=8000 lotes=8/300 uso=59.29 MB memoria=62.5 MB pico=62.5 MB tiempo=28.04s
   ⏱️ [posts] procesados=9000 lotes=9/300 uso=59.96 MB memoria=62.5 MB pico=62.5 MB tiempo=31.35s
   ⏱️ [posts] procesados=10000 lotes=10/300 uso=60.28 MB memoria=64.5 MB pico=64.5 MB tiempo=34.67s
   ⏱️ [posts] procesados=11000 lotes=11/300 uso=58.65 MB memoria=64.5 MB pico=64.5 MB tiempo=38.03s
   ⏱️ [posts] procesados=12000 lotes=12/300 uso=59.24 MB memoria=64.5 MB pico=64.5 MB tiempo=41.26s
   ⏱️ [posts] procesados=13000 lotes=13/300 uso=62.15 MB memoria=64.5 MB pico=64.5 MB tiempo=44.56s
   ⏱️ [posts] procesados=14000 lotes=14/300 uso=60.46 MB memoria=64.5 MB pico=64.5 MB tiempo=47.8s
   ⏱️ [posts] procesados=15000 lotes=15/300 uso=62.92 MB memoria=66.5 MB pico=66.5 MB tiempo=51.13s
   ⏱️ [posts] procesados=16000 lotes=16/300 uso=63.53 MB memoria=66.5 MB pico=66.5 MB tiempo=54.49s
   ⏱️ [posts] procesados=17000 lotes=17/300 uso=64.4 MB memoria=66.5 MB pico=66.5 MB tiempo=57.69s
   ⏱️ [posts] procesados=18000 lotes=18/300 uso=62.56 MB memoria=68.5 MB pico=68.5 MB tiempo=61.08s
   ⏱️ [posts] procesados=19000 lotes=19/300 uso=63.17 MB memoria=68.5 MB pico=68.5 MB tiempo=64.31s
   ⏱️ [posts] procesados=20000 lotes=20/300 uso=63.64 MB memoria=68.5 MB pico=68.5 MB tiempo=67.64s
   ⏱️ [posts] procesados=21000 lotes=21/300 uso=64.32 MB memoria=68.5 MB pico=68.5 MB tiempo=70.91s
   ⏱️ [posts] procesados=22000 lotes=22/300 uso=64.72 MB memoria=70.5 MB pico=70.5 MB tiempo=74.15s
   ⏱️ [posts] procesados=23000 lotes=23/300 uso=65.38 MB memoria=70.5 MB pico=70.5 MB tiempo=77.48s
   ⏱️ [posts] procesados=24000 lotes=24/300 uso=65.81 MB memoria=70.5 MB pico=70.5 MB tiempo=80.95s
   ⏱️ [posts] procesados=25000 lotes=25/300 uso=68.71 MB memoria=72.5 MB pico=72.5 MB tiempo=84.46s
   ⏱️ [posts] procesados=26000 lotes=26/300 uso=69.1 MB memoria=72.5 MB pico=72.5 MB tiempo=87.75s
   ⏱️ [posts] procesados=27000 lotes=27/300 uso=67.47 MB memoria=72.5 MB pico=72.5 MB tiempo=91.1s
   ⏱️ [posts] procesados=28000 lotes=28/300 uso=68.04 MB memoria=72.5 MB pico=72.5 MB tiempo=94.36s
   ⏱️ [posts] procesados=29000 lotes=29/300 uso=68.64 MB memoria=74.5 MB pico=74.5 MB tiempo=97.66s
   ⏱️ [posts] procesados=30000 lotes=30/300 uso=71.61 MB memoria=74.5 MB pico=74.5 MB tiempo=100.99s
   ⏱️ [posts] procesados=31000 lotes=31/300 uso=69.66 MB memoria=74.5 MB pico=74.5 MB tiempo=104.26s
   ⏱️ [posts] procesados=32000 lotes=32/300 uso=72.28 MB memoria=76.5 MB pico=76.5 MB tiempo=107.5s
   ⏱️ [posts] procesados=33000 lotes=33/300 uso=73.27 MB memoria=76.5 MB pico=76.5 MB tiempo=111.12s
   ⏱️ [posts] procesados=34000 lotes=34/300 uso=73.71 MB memoria=76.5 MB pico=76.5 MB tiempo=114.72s
   ⏱️ [posts] procesados=35000 lotes=35/300 uso=74.14 MB memoria=76.5 MB pico=76.5 MB tiempo=118s
   ⏱️ [posts] procesados=36000 lotes=36/300 uso=72.39 MB memoria=78.5 MB pico=78.5 MB tiempo=121.31s
   ⏱️ [posts] procesados=37000 lotes=37/300 uso=75.3 MB memoria=78.5 MB pico=78.5 MB tiempo=124.55s
   ⏱️ [posts] procesados=38000 lotes=38/300 uso=75.95 MB memoria=78.5 MB pico=78.5 MB tiempo=128.52s
   ⏱️ [posts] procesados=39000 lotes=39/300 uso=76.52 MB memoria=78.5 MB pico=78.5 MB tiempo=131.97s
   ⏱️ [posts] procesados=40000 lotes=40/300 uso=76.65 MB memoria=80.5 MB pico=80.5 MB tiempo=135.26s
   ⏱️ [posts] procesados=41000 lotes=41/300 uso=75.42 MB memoria=80.5 MB pico=80.5 MB tiempo=138.84s
   ⏱️ [posts] procesados=42000 lotes=42/300 uso=75.7 MB memoria=80.5 MB pico=80.5 MB tiempo=142.19s
   ⏱️ [posts] procesados=43000 lotes=43/300 uso=78.62 MB memoria=80.5 MB pico=80.5 MB tiempo=145.48s
   ⏱️ [posts] procesados=44000 lotes=44/300 uso=76.86 MB memoria=82.5 MB pico=82.5 MB tiempo=148.75s
   ⏱️ [posts] procesados=45000 lotes=45/300 uso=77.54 MB memoria=82.5 MB pico=82.5 MB tiempo=151.98s
   ⏱️ [posts] procesados=46000 lotes=46/300 uso=77.99 MB memoria=82.5 MB pico=82.5 MB tiempo=155.24s
   ⏱️ [posts] procesados=47000 lotes=47/300 uso=78.52 MB memoria=84.5 MB pico=84.5 MB tiempo=158.45s
   ⏱️ [posts] procesados=48000 lotes=48/300 uso=79.02 MB memoria=84.5 MB pico=84.5 MB tiempo=161.7s
   ⏱️ [posts] procesados=49000 lotes=49/300 uso=81.71 MB memoria=84.5 MB pico=84.5 MB tiempo=165s
   ⏱️ [posts] procesados=50000 lotes=50/300 uso=80.12 MB memoria=84.5 MB pico=84.5 MB tiempo=168.26s
   ⏱️ [posts] procesados=51000 lotes=51/300 uso=80.65 MB memoria=86.5 MB pico=86.5 MB tiempo=171.53s
   ⏱️ [posts] procesados=52000 lotes=52/300 uso=81.26 MB memoria=86.5 MB pico=86.5 MB tiempo=174.98s
   ⏱️ [posts] procesados=53000 lotes=53/300 uso=81.99 MB memoria=86.5 MB pico=86.5 MB tiempo=178.28s
   ⏱️ [posts] procesados=54000 lotes=54/300 uso=82.75 MB memoria=88.5 MB pico=88.5 MB tiempo=181.83s
   ⏱️ [posts] procesados=55000 lotes=55/300 uso=85.22 MB memoria=88.5 MB pico=88.5 MB tiempo=185.24s
   ⏱️ [posts] procesados=56000 lotes=56/300 uso=85.86 MB memoria=88.5 MB pico=88.5 MB tiempo=188.67s
   ⏱️ [posts] procesados=57000 lotes=57/300 uso=84 MB memoria=88.5 MB pico=88.5 MB tiempo=192.54s
   ⏱️ [posts] procesados=58000 lotes=58/300 uso=84.5 MB memoria=90.5 MB pico=90.5 MB tiempo=196.02s
   ⏱️ [posts] procesados=59000 lotes=59/300 uso=87.19 MB memoria=90.5 MB pico=90.5 MB tiempo=199.41s
   ⏱️ [posts] procesados=60000 lotes=60/300 uso=85.68 MB memoria=90.5 MB pico=90.5 MB tiempo=202.85s
   ⏱️ [posts] procesados=61000 lotes=61/300 uso=86.16 MB memoria=92.5 MB pico=92.5 MB tiempo=206.31s
   ⏱️ [posts] procesados=62000 lotes=62/300 uso=86.8 MB memoria=92.5 MB pico=92.5 MB tiempo=209.76s
   ⏱️ [posts] procesados=63000 lotes=63/300 uso=87.53 MB memoria=92.5 MB pico=92.5 MB tiempo=213.29s
   ⏱️ [posts] procesados=64000 lotes=64/300 uso=90.02 MB memoria=92.5 MB pico=92.5 MB tiempo=216.62s
   ⏱️ [posts] procesados=65000 lotes=65/300 uso=90.65 MB memoria=94.5 MB pico=94.5 MB tiempo=220.04s
   ⏱️ [posts] procesados=66000 lotes=66/300 uso=89.46 MB memoria=94.5 MB pico=94.5 MB tiempo=223.43s
   ⏱️ [posts] procesados=67000 lotes=67/300 uso=89.69 MB memoria=94.5 MB pico=94.5 MB tiempo=226.98s
   ⏱️ [posts] procesados=68000 lotes=68/300 uso=92.19 MB memoria=96.5 MB pico=96.5 MB tiempo=230.51s
   ⏱️ [posts] procesados=69000 lotes=69/300 uso=90.57 MB memoria=96.5 MB pico=96.5 MB tiempo=234.12s
   ⏱️ [posts] procesados=70000 lotes=70/300 uso=91.22 MB memoria=96.5 MB pico=96.5 MB tiempo=237.49s
   ⏱️ [posts] procesados=71000 lotes=71/300 uso=91.75 MB memoria=96.5 MB pico=96.5 MB tiempo=240.92s
   ⏱️ [posts] procesados=72000 lotes=72/300 uso=92.48 MB memoria=98.5 MB pico=98.5 MB tiempo=244.33s
   ⏱️ [posts] procesados=73000 lotes=73/300 uso=94.71 MB memoria=98.5 MB pico=98.5 MB tiempo=247.78s
   ⏱️ [posts] procesados=74000 lotes=74/300 uso=95.52 MB memoria=98.5 MB pico=98.5 MB tiempo=251.33s
   ⏱️ [posts] procesados=75000 lotes=75/300 uso=96 MB memoria=100.5 MB pico=100.5 MB tiempo=254.71s
   ⏱️ [posts] procesados=76000 lotes=76/300 uso=96.56 MB memoria=100.5 MB pico=100.5 MB tiempo=258.2s
   ⏱️ [posts] procesados=77000 lotes=77/300 uso=95.06 MB memoria=100.5 MB pico=100.5 MB tiempo=262.24s
   ⏱️ [posts] procesados=78000 lotes=78/300 uso=95.79 MB memoria=100.5 MB pico=100.5 MB tiempo=266.14s
   ⏱️ [posts] procesados=79000 lotes=79/300 uso=98.35 MB memoria=102.5 MB pico=102.5 MB tiempo=269.64s
   ⏱️ [posts] procesados=80000 lotes=80/300 uso=96.62 MB memoria=102.5 MB pico=102.5 MB tiempo=273.12s
   ⏱️ [posts] procesados=81000 lotes=81/300 uso=99.53 MB memoria=102.5 MB pico=102.5 MB tiempo=276.54s
   ⏱️ [posts] procesados=82000 lotes=82/300 uso=97.8 MB memoria=104.5 MB pico=104.5 MB tiempo=279.88s
   ⏱️ [posts] procesados=83000 lotes=83/300 uso=100.6 MB memoria=104.5 MB pico=104.5 MB tiempo=283.52s
   ⏱️ [posts] procesados=84000 lotes=84/300 uso=99.31 MB memoria=104.5 MB pico=104.5 MB tiempo=286.98s
   ⏱️ [posts] procesados=85000 lotes=85/300 uso=101.66 MB memoria=104.5 MB pico=104.5 MB tiempo=290.27s
   ⏱️ [posts] procesados=86000 lotes=86/300 uso=101.66 MB memoria=106.5 MB pico=106.5 MB tiempo=293.6s
   ⏱️ [posts] procesados=87000 lotes=87/300 uso=102.73 MB memoria=106.5 MB pico=106.5 MB tiempo=297s
   ⏱️ [posts] procesados=88000 lotes=88/300 uso=103.2 MB memoria=106.5 MB pico=106.5 MB tiempo=300.51s
   ⏱️ [posts] procesados=89000 lotes=89/300 uso=101.66 MB memoria=106.5 MB pico=106.5 MB tiempo=303.92s
   ⏱️ [posts] procesados=90000 lotes=90/300 uso=104 MB memoria=108.5 MB pico=108.5 MB tiempo=307.49s
   ⏱️ [posts] procesados=91000 lotes=91/300 uso=104.76 MB memoria=108.5 MB pico=108.5 MB tiempo=310.82s
   ⏱️ [posts] procesados=92000 lotes=92/300 uso=105.34 MB memoria=108.5 MB pico=108.5 MB tiempo=314.18s
   ⏱️ [posts] procesados=93000 lotes=93/300 uso=103.86 MB memoria=110.5 MB pico=110.5 MB tiempo=317.48s
   ⏱️ [posts] procesados=94000 lotes=94/300 uso=104.38 MB memoria=110.5 MB pico=110.5 MB tiempo=320.78s
   ⏱️ [posts] procesados=95000 lotes=95/300 uso=104.91 MB memoria=110.5 MB pico=110.5 MB tiempo=324.2s
   ⏱️ [posts] procesados=96000 lotes=96/300 uso=105.47 MB memoria=110.5 MB pico=110.5 MB tiempo=327.5s
   ⏱️ [posts] procesados=97000 lotes=97/300 uso=108.43 MB memoria=112.5 MB pico=112.5 MB tiempo=330.89s
   ⏱️ [posts] procesados=98000 lotes=98/300 uso=106.65 MB memoria=112.5 MB pico=112.5 MB tiempo=334.29s
   ⏱️ [posts] procesados=99000 lotes=99/300 uso=107.61 MB memoria=112.5 MB pico=112.5 MB tiempo=337.66s
   ⏱️ [posts] procesados=100000 lotes=100/300 uso=109.84 MB memoria=114.5 MB pico=114.5 MB tiempo=341.02s
   ⏱️ [posts] procesados=101000 lotes=101/300 uso=110.53 MB memoria=114.5 MB pico=114.5 MB tiempo=344.35s
   ⏱️ [posts] procesados=102000 lotes=102/300 uso=110.99 MB memoria=114.5 MB pico=114.5 MB tiempo=347.85s
   ⏱️ [posts] procesados=103000 lotes=103/300 uso=109.63 MB memoria=114.5 MB pico=114.5 MB tiempo=351.39s
   ⏱️ [posts] procesados=104000 lotes=104/300 uso=109.96 MB memoria=116.5 MB pico=116.5 MB tiempo=354.79s
   ⏱️ [posts] procesados=105000 lotes=105/300 uso=112.64 MB memoria=116.5 MB pico=116.5 MB tiempo=358.42s
   ⏱️ [posts] procesados=106000 lotes=106/300 uso=113.28 MB memoria=116.5 MB pico=116.5 MB tiempo=361.84s
   ⏱️ [posts] procesados=107000 lotes=107/300 uso=113.65 MB memoria=118.5 MB pico=118.5 MB tiempo=365.39s
   ⏱️ [posts] procesados=108000 lotes=108/300 uso=113.93 MB memoria=118.5 MB pico=118.5 MB tiempo=368.8s
   ⏱️ [posts] procesados=109000 lotes=109/300 uso=114.82 MB memoria=118.5 MB pico=118.5 MB tiempo=372.2s
   ⏱️ [posts] procesados=110000 lotes=110/300 uso=115.15 MB memoria=118.5 MB pico=118.5 MB tiempo=375.57s
   ⏱️ [posts] procesados=111000 lotes=111/300 uso=115.83 MB memoria=120.5 MB pico=120.5 MB tiempo=379s
   ⏱️ [posts] procesados=112000 lotes=112/300 uso=114.3 MB memoria=120.5 MB pico=120.5 MB tiempo=382.6s
   ⏱️ [posts] procesados=113000 lotes=113/300 uso=114.79 MB memoria=120.5 MB pico=120.5 MB tiempo=386.21s
   ⏱️ [posts] procesados=114000 lotes=114/300 uso=117.84 MB memoria=122.5 MB pico=122.5 MB tiempo=390.03s
   ⏱️ [posts] procesados=115000 lotes=115/300 uso=117.89 MB memoria=122.5 MB pico=122.5 MB tiempo=393.53s
   ⏱️ [posts] procesados=116000 lotes=116/300 uso=118.77 MB memoria=122.5 MB pico=122.5 MB tiempo=397.05s
   ⏱️ [posts] procesados=117000 lotes=117/300 uso=118.85 MB memoria=122.5 MB pico=122.5 MB tiempo=400.64s
   ⏱️ [posts] procesados=118000 lotes=118/300 uso=119.94 MB memoria=124.5 MB pico=124.5 MB tiempo=404.18s
   ⏱️ [posts] procesados=119000 lotes=119/300 uso=120.14 MB memoria=124.5 MB pico=124.5 MB tiempo=407.56s
   ⏱️ [posts] procesados=120000 lotes=120/300 uso=118.8 MB memoria=124.5 MB pico=124.5 MB tiempo=410.89s
   ⏱️ [posts] procesados=121000 lotes=121/300 uso=119.62 MB memoria=126.5 MB pico=126.5 MB tiempo=414.19s
   ⏱️ [posts] procesados=122000 lotes=122/300 uso=122.13 MB memoria=126.5 MB pico=126.5 MB tiempo=417.56s
   ⏱️ [posts] procesados=123000 lotes=123/300 uso=120.61 MB memoria=126.5 MB pico=126.5 MB tiempo=420.83s
   ⏱️ [posts] procesados=124000 lotes=124/300 uso=122.98 MB memoria=126.5 MB pico=126.5 MB tiempo=424.18s
   ⏱️ [posts] procesados=125000 lotes=125/300 uso=123.81 MB memoria=128.5 MB pico=128.5 MB tiempo=427.84s
   ⏱️ [posts] procesados=126000 lotes=126/300 uso=124.16 MB memoria=128.5 MB pico=128.5 MB tiempo=431.25s
   ⏱️ [posts] procesados=127000 lotes=127/300 uso=122.49 MB memoria=128.5 MB pico=128.5 MB tiempo=434.58s
   ⏱️ [posts] procesados=128000 lotes=128/300 uso=125.14 MB memoria=130.5 MB pico=130.5 MB tiempo=437.94s
   ⏱️ [posts] procesados=129000 lotes=129/300 uso=123.64 MB memoria=130.5 MB pico=130.5 MB tiempo=441.36s
   ⏱️ [posts] procesados=130000 lotes=130/300 uso=124.19 MB memoria=130.5 MB pico=130.5 MB tiempo=444.76s
   ⏱️ [posts] procesados=131000 lotes=131/300 uso=127.02 MB memoria=130.5 MB pico=130.5 MB tiempo=448.15s
   ⏱️ [posts] procesados=132000 lotes=132/300 uso=127.67 MB memoria=132.5 MB pico=132.5 MB tiempo=451.56s
   ⏱️ [posts] procesados=133000 lotes=133/300 uso=128.19 MB memoria=132.5 MB pico=132.5 MB tiempo=456.2s
   ⏱️ [posts] procesados=134000 lotes=134/300 uso=126.42 MB memoria=132.5 MB pico=132.5 MB tiempo=459.72s
   ⏱️ [posts] procesados=135000 lotes=135/300 uso=128.99 MB memoria=132.5 MB pico=132.5 MB tiempo=463.02s
   ⏱️ [posts] procesados=136000 lotes=136/300 uso=127.44 MB memoria=134.5 MB pico=134.5 MB tiempo=466.58s
   ⏱️ [posts] procesados=137000 lotes=137/300 uso=128.08 MB memoria=134.5 MB pico=134.5 MB tiempo=469.94s
   ⏱️ [posts] procesados=138000 lotes=138/300 uso=128.62 MB memoria=134.5 MB pico=134.5 MB tiempo=473.43s
   ⏱️ [posts] procesados=139000 lotes=139/300 uso=131.36 MB memoria=136.5 MB pico=136.5 MB tiempo=476.91s
   ⏱️ [posts] procesados=140000 lotes=140/300 uso=129.68 MB memoria=136.5 MB pico=136.5 MB tiempo=480.31s
   ⏱️ [posts] procesados=141000 lotes=141/300 uso=132.74 MB memoria=136.5 MB pico=136.5 MB tiempo=483.68s
   ⏱️ [posts] procesados=142000 lotes=142/300 uso=133.05 MB memoria=136.5 MB pico=136.5 MB tiempo=487.05s
   ⏱️ [posts] procesados=143000 lotes=143/300 uso=131.4 MB memoria=138.5 MB pico=138.5 MB tiempo=490.76s
   ⏱️ [posts] procesados=144000 lotes=144/300 uso=134.21 MB memoria=138.5 MB pico=138.5 MB tiempo=494.13s
   ⏱️ [posts] procesados=145000 lotes=145/300 uso=132.47 MB memoria=138.5 MB pico=138.5 MB tiempo=497.61s
   ⏱️ [posts] procesados=146000 lotes=146/300 uso=133.49 MB memoria=140.5 MB pico=140.5 MB tiempo=501.19s
   ⏱️ [posts] procesados=147000 lotes=147/300 uso=135.76 MB memoria=140.5 MB pico=140.5 MB tiempo=504.65s
   ⏱️ [posts] procesados=148000 lotes=148/300 uso=134.1 MB memoria=140.5 MB pico=140.5 MB tiempo=508.41s
   ⏱️ [posts] procesados=149000 lotes=149/300 uso=137.05 MB memoria=140.5 MB pico=140.5 MB tiempo=511.87s
   ⏱️ [posts] procesados=150000 lotes=150/300 uso=137.36 MB memoria=142.5 MB pico=142.5 MB tiempo=515.47s
   ⏱️ [posts] procesados=151000 lotes=151/300 uso=135.79 MB memoria=142.5 MB pico=142.5 MB tiempo=519.49s
   ⏱️ [posts] procesados=152000 lotes=152/300 uso=136.27 MB memoria=142.5 MB pico=142.5 MB tiempo=523.15s
   ⏱️ [posts] procesados=153000 lotes=153/300 uso=139.02 MB memoria=144.5 MB pico=144.5 MB tiempo=526.66s
   ⏱️ [posts] procesados=154000 lotes=154/300 uso=139.55 MB memoria=144.5 MB pico=144.5 MB tiempo=530.94s
   ⏱️ [posts] procesados=155000 lotes=155/300 uso=140.12 MB memoria=144.5 MB pico=144.5 MB tiempo=534.98s
   ⏱️ [posts] procesados=156000 lotes=156/300 uso=140.82 MB memoria=144.5 MB pico=144.5 MB tiempo=538.39s
   ⏱️ [posts] procesados=157000 lotes=157/300 uso=141.35 MB memoria=146.5 MB pico=146.5 MB tiempo=542.08s
   ⏱️ [posts] procesados=158000 lotes=158/300 uso=139.6 MB memoria=146.5 MB pico=146.5 MB tiempo=545.8s
   ⏱️ [posts] procesados=159000 lotes=159/300 uso=140.25 MB memoria=146.5 MB pico=146.5 MB tiempo=549.76s
   ⏱️ [posts] procesados=160000 lotes=160/300 uso=140.75 MB memoria=148.5 MB pico=148.5 MB tiempo=554.09s
   ⏱️ [posts] procesados=161000 lotes=161/300 uso=143.37 MB memoria=148.5 MB pico=148.5 MB tiempo=557.73s
   ⏱️ [posts] procesados=162000 lotes=162/300 uso=141.86 MB memoria=148.5 MB pico=148.5 MB tiempo=562.41s
   ⏱️ [posts] procesados=163000 lotes=163/300 uso=142.38 MB memoria=148.5 MB pico=148.5 MB tiempo=566.26s
   ⏱️ [posts] procesados=164000 lotes=164/300 uso=142.88 MB memoria=150.5 MB pico=150.5 MB tiempo=569.92s
   ⏱️ [posts] procesados=165000 lotes=165/300 uso=145.66 MB memoria=150.5 MB pico=150.5 MB tiempo=573.93s
   ⏱️ [posts] procesados=166000 lotes=166/300 uso=144.26 MB memoria=150.5 MB pico=150.5 MB tiempo=577.67s
   ⏱️ [posts] procesados=167000 lotes=167/300 uso=144.64 MB memoria=152.5 MB pico=152.5 MB tiempo=582.08s
   ⏱️ [posts] procesados=168000 lotes=168/300 uso=145.32 MB memoria=152.5 MB pico=152.5 MB tiempo=588.81s
   ⏱️ [posts] procesados=169000 lotes=169/300 uso=145.72 MB memoria=152.5 MB pico=152.5 MB tiempo=594.51s
   ⏱️ [posts] procesados=170000 lotes=170/300 uso=148.42 MB memoria=152.5 MB pico=152.5 MB tiempo=600.5s
   ⏱️ [posts] procesados=171000 lotes=171/300 uso=149.18 MB memoria=154.5 MB pico=154.5 MB tiempo=604.67s
   ⏱️ [posts] procesados=172000 lotes=172/300 uso=147.35 MB memoria=154.5 MB pico=154.5 MB tiempo=608.71s
   ⏱️ [posts] procesados=173000 lotes=173/300 uso=150.18 MB memoria=154.5 MB pico=154.5 MB tiempo=612.44s
   ⏱️ [posts] procesados=174000 lotes=174/300 uso=148.41 MB memoria=154.5 MB pico=154.5 MB tiempo=617.06s
   ⏱️ [posts] procesados=175000 lotes=175/300 uso=149.57 MB memoria=156.5 MB pico=156.5 MB tiempo=620.89s
   ⏱️ [posts] procesados=176000 lotes=176/300 uso=149.5 MB memoria=156.5 MB pico=156.5 MB tiempo=625.11s
   ⏱️ [posts] procesados=177000 lotes=177/300 uso=152.5 MB memoria=156.5 MB pico=156.5 MB tiempo=629.28s
   ⏱️ [posts] procesados=178000 lotes=178/300 uso=150.68 MB memoria=158.5 MB pico=158.5 MB tiempo=633.47s
   ⏱️ [posts] procesados=179000 lotes=179/300 uso=151.52 MB memoria=158.5 MB pico=158.5 MB tiempo=637.65s
   ⏱️ [posts] procesados=180000 lotes=180/300 uso=154.11 MB memoria=158.5 MB pico=158.5 MB tiempo=641.46s
   ⏱️ [posts] procesados=181000 lotes=181/300 uso=154.36 MB memoria=158.5 MB pico=158.5 MB tiempo=645.14s
   ⏱️ [posts] procesados=182000 lotes=182/300 uso=154.62 MB memoria=160.5 MB pico=160.5 MB tiempo=650.48s
   ⏱️ [posts] procesados=183000 lotes=183/300 uso=155.81 MB memoria=160.5 MB pico=160.5 MB tiempo=654.17s
   ⏱️ [posts] procesados=184000 lotes=184/300 uso=156.23 MB memoria=160.5 MB pico=160.5 MB tiempo=657.83s
   ⏱️ [posts] procesados=185000 lotes=185/300 uso=156.78 MB memoria=162.5 MB pico=162.5 MB tiempo=662.73s
   ⏱️ [posts] procesados=186000 lotes=186/300 uso=155.03 MB memoria=162.5 MB pico=162.5 MB tiempo=666.46s
   ⏱️ [posts] procesados=187000 lotes=187/300 uso=155.62 MB memoria=162.5 MB pico=162.5 MB tiempo=671.96s
   ⏱️ [posts] procesados=188000 lotes=188/300 uso=158.53 MB memoria=162.5 MB pico=162.5 MB tiempo=675.65s
   ⏱️ [posts] procesados=189000 lotes=189/300 uso=156.59 MB memoria=164.5 MB pico=164.5 MB tiempo=679.57s
   ⏱️ [posts] procesados=190000 lotes=190/300 uso=157.27 MB memoria=164.5 MB pico=164.5 MB tiempo=683.83s
   ⏱️ [posts] procesados=191000 lotes=191/300 uso=159.97 MB memoria=164.5 MB pico=164.5 MB tiempo=688.22s
   ⏱️ [posts] procesados=192000 lotes=192/300 uso=158.42 MB memoria=166.5 MB pico=166.5 MB tiempo=691.61s
   ⏱️ [posts] procesados=193000 lotes=193/300 uso=161.08 MB memoria=166.5 MB pico=166.5 MB tiempo=695.24s
   ⏱️ [posts] procesados=194000 lotes=194/300 uso=161.48 MB memoria=166.5 MB pico=166.5 MB tiempo=698.72s
   ⏱️ [posts] procesados=195000 lotes=195/300 uso=162.32 MB memoria=166.5 MB pico=166.5 MB tiempo=702.17s
   ⏱️ [posts] procesados=196000 lotes=196/300 uso=162.74 MB memoria=168.5 MB pico=168.5 MB tiempo=706.22s
   ⏱️ [posts] procesados=197000 lotes=197/300 uso=163.16 MB memoria=168.5 MB pico=168.5 MB tiempo=709.9s
   ⏱️ [posts] procesados=198000 lotes=198/300 uso=163.69 MB memoria=168.5 MB pico=168.5 MB tiempo=713.43s
   ⏱️ [posts] procesados=199000 lotes=199/300 uso=164.48 MB memoria=170.5 MB pico=170.5 MB tiempo=716.88s
   ⏱️ [posts] procesados=200000 lotes=200/300 uso=165.04 MB memoria=170.5 MB pico=170.5 MB tiempo=720.52s
   ⏱️ [posts] procesados=201000 lotes=201/300 uso=163.24 MB memoria=170.5 MB pico=170.5 MB tiempo=724.2s
   ⏱️ [posts] procesados=202000 lotes=202/300 uso=166 MB memoria=170.5 MB pico=170.5 MB tiempo=727.99s
   ⏱️ [posts] procesados=203000 lotes=203/300 uso=166.76 MB memoria=172.5 MB pico=172.5 MB tiempo=731.48s
   ⏱️ [posts] procesados=204000 lotes=204/300 uso=166.9 MB memoria=172.5 MB pico=172.5 MB tiempo=735.04s
   ⏱️ [posts] procesados=205000 lotes=205/300 uso=167.84 MB memoria=172.5 MB pico=172.5 MB tiempo=738.76s
   ⏱️ [posts] procesados=206000 lotes=206/300 uso=168.37 MB memoria=172.5 MB pico=172.5 MB tiempo=742.39s
   ⏱️ [posts] procesados=207000 lotes=207/300 uso=166.58 MB memoria=174.5 MB pico=174.5 MB tiempo=745.98s
   ⏱️ [posts] procesados=208000 lotes=208/300 uso=167.32 MB memoria=174.5 MB pico=174.5 MB tiempo=749.64s
   ⏱️ [posts] procesados=209000 lotes=209/300 uso=167.79 MB memoria=174.5 MB pico=174.5 MB tiempo=753.2s
   ⏱️ [posts] procesados=210000 lotes=210/300 uso=168.22 MB memoria=176.5 MB pico=176.5 MB tiempo=756.65s
   ⏱️ [posts] procesados=211000 lotes=211/300 uso=168.98 MB memoria=176.5 MB pico=176.5 MB tiempo=760.17s
   ⏱️ [posts] procesados=212000 lotes=212/300 uso=169.29 MB memoria=176.5 MB pico=176.5 MB tiempo=763.78s
   ⏱️ [posts] procesados=213000 lotes=213/300 uso=169.96 MB memoria=176.5 MB pico=176.5 MB tiempo=767.35s
   ⏱️ [posts] procesados=214000 lotes=214/300 uso=170.44 MB memoria=178.5 MB pico=178.5 MB tiempo=770.8s
   ⏱️ [posts] procesados=215000 lotes=215/300 uso=170.9 MB memoria=178.5 MB pico=178.5 MB tiempo=774.31s
   ⏱️ [posts] procesados=216000 lotes=216/300 uso=173.8 MB memoria=178.5 MB pico=178.5 MB tiempo=777.82s
   ⏱️ [posts] procesados=217000 lotes=217/300 uso=174.44 MB memoria=180.5 MB pico=180.5 MB tiempo=781.31s
   ⏱️ [posts] procesados=218000 lotes=218/300 uso=172.67 MB memoria=180.5 MB pico=180.5 MB tiempo=784.74s
   ⏱️ [posts] procesados=219000 lotes=219/300 uso=173.27 MB memoria=180.5 MB pico=180.5 MB tiempo=788.33s
   ⏱️ [posts] procesados=220000 lotes=220/300 uso=173.8 MB memoria=180.5 MB pico=180.5 MB tiempo=791.93s
   ⏱️ [posts] procesados=221000 lotes=221/300 uso=176.56 MB memoria=182.5 MB pico=182.5 MB tiempo=795.68s
   ⏱️ [posts] procesados=222000 lotes=222/300 uso=177.25 MB memoria=182.5 MB pico=182.5 MB tiempo=799.23s
   ⏱️ [posts] procesados=223000 lotes=223/300 uso=175.56 MB memoria=182.5 MB pico=182.5 MB tiempo=802.8s
   ⏱️ [posts] procesados=224000 lotes=224/300 uso=176.03 MB memoria=184.5 MB pico=184.5 MB tiempo=806.52s
   ⏱️ [posts] procesados=225000 lotes=225/300 uso=178.7 MB memoria=184.5 MB pico=184.5 MB tiempo=810.1s
   ⏱️ [posts] procesados=226000 lotes=226/300 uso=177.01 MB memoria=184.5 MB pico=184.5 MB tiempo=813.67s
   ⏱️ [posts] procesados=227000 lotes=227/300 uso=179.92 MB memoria=184.5 MB pico=184.5 MB tiempo=817.1s
   ⏱️ [posts] procesados=228000 lotes=228/300 uso=180.37 MB memoria=186.5 MB pico=186.5 MB tiempo=820.73s
   ⏱️ [posts] procesados=229000 lotes=229/300 uso=178.75 MB memoria=186.5 MB pico=186.5 MB tiempo=824.56s
   ⏱️ [posts] procesados=230000 lotes=230/300 uso=179.33 MB memoria=186.5 MB pico=186.5 MB tiempo=828.47s
   ⏱️ [posts] procesados=231000 lotes=231/300 uso=179.77 MB memoria=188.5 MB pico=188.5 MB tiempo=832s
   ⏱️ [posts] procesados=232000 lotes=232/300 uso=180.34 MB memoria=188.5 MB pico=188.5 MB tiempo=835.96s
   ⏱️ [posts] procesados=233000 lotes=233/300 uso=180.93 MB memoria=188.5 MB pico=188.5 MB tiempo=839.91s
   ⏱️ [posts] procesados=234000 lotes=234/300 uso=183.7 MB memoria=188.5 MB pico=188.5 MB tiempo=843.78s
   ⏱️ [posts] procesados=235000 lotes=235/300 uso=184.42 MB memoria=190.5 MB pico=190.5 MB tiempo=847.48s
   ⏱️ [posts] procesados=236000 lotes=236/300 uso=182.63 MB memoria=190.5 MB pico=190.5 MB tiempo=850.98s
   ⏱️ [posts] procesados=237000 lotes=237/300 uso=185.5 MB memoria=190.5 MB pico=190.5 MB tiempo=854.47s
   ⏱️ [posts] procesados=238000 lotes=238/300 uso=183.61 MB memoria=192.5 MB pico=192.5 MB tiempo=858.26s
   ⏱️ [posts] procesados=239000 lotes=239/300 uso=184.19 MB memoria=192.5 MB pico=192.5 MB tiempo=862.27s
   ⏱️ [posts] procesados=240000 lotes=240/300 uso=184.76 MB memoria=192.5 MB pico=192.5 MB tiempo=866.3s
   ⏱️ [posts] procesados=241000 lotes=241/300 uso=187.74 MB memoria=192.5 MB pico=192.5 MB tiempo=869.95s
   ⏱️ [posts] procesados=242000 lotes=242/300 uso=187.63 MB memoria=194.5 MB pico=194.5 MB tiempo=873.85s
   ⏱️ [posts] procesados=243000 lotes=243/300 uso=188.4 MB memoria=194.5 MB pico=194.5 MB tiempo=877.91s
   ⏱️ [posts] procesados=244000 lotes=244/300 uso=188.99 MB memoria=194.5 MB pico=194.5 MB tiempo=881.66s
   ⏱️ [posts] procesados=245000 lotes=245/300 uso=187.51 MB memoria=196.5 MB pico=196.5 MB tiempo=885.44s
   ⏱️ [posts] procesados=246000 lotes=246/300 uso=190.59 MB memoria=196.5 MB pico=196.5 MB tiempo=889.21s
   ⏱️ [posts] procesados=247000 lotes=247/300 uso=188.63 MB memoria=196.5 MB pico=196.5 MB tiempo=893.14s
   ⏱️ [posts] procesados=248000 lotes=248/300 uso=189.11 MB memoria=196.5 MB pico=196.5 MB tiempo=896.77s
   ⏱️ [posts] procesados=249000 lotes=249/300 uso=189.65 MB memoria=198.5 MB pico=198.5 MB tiempo=900.5s
   ⏱️ [posts] procesados=250000 lotes=250/300 uso=192.78 MB memoria=198.5 MB pico=198.5 MB tiempo=904.21s
   ⏱️ [posts] procesados=251000 lotes=251/300 uso=190.86 MB memoria=198.5 MB pico=198.5 MB tiempo=907.77s
   ⏱️ [posts] procesados=252000 lotes=252/300 uso=193.38 MB memoria=200.5 MB pico=200.5 MB tiempo=911.33s
   ⏱️ [posts] procesados=253000 lotes=253/300 uso=193.74 MB memoria=200.5 MB pico=200.5 MB tiempo=915.28s
   ⏱️ [posts] procesados=254000 lotes=254/300 uso=192.49 MB memoria=200.5 MB pico=200.5 MB tiempo=918.97s
   ⏱️ [posts] procesados=255000 lotes=255/300 uso=195.26 MB memoria=200.5 MB pico=200.5 MB tiempo=922.72s
   ⏱️ [posts] procesados=256000 lotes=256/300 uso=193.7 MB memoria=202.5 MB pico=202.5 MB tiempo=926.23s
   ⏱️ [posts] procesados=257000 lotes=257/300 uso=196.37 MB memoria=202.5 MB pico=202.5 MB tiempo=929.66s
   ⏱️ [posts] procesados=258000 lotes=258/300 uso=194.66 MB memoria=202.5 MB pico=202.5 MB tiempo=933.41s
   ⏱️ [posts] procesados=259000 lotes=259/300 uso=197.65 MB memoria=204.5 MB pico=204.5 MB tiempo=936.99s
   ⏱️ [posts] procesados=260000 lotes=260/300 uso=195.75 MB memoria=204.5 MB pico=204.5 MB tiempo=940.82s
   ⏱️ [posts] procesados=261000 lotes=261/300 uso=198.67 MB memoria=204.5 MB pico=204.5 MB tiempo=944.38s
   ⏱️ [posts] procesados=262000 lotes=262/300 uso=196.9 MB memoria=204.5 MB pico=204.5 MB tiempo=948.15s
   ⏱️ [posts] procesados=263000 lotes=263/300 uso=199.57 MB memoria=206.5 MB pico=206.5 MB tiempo=951.8s
   ⏱️ [posts] procesados=264000 lotes=264/300 uso=198 MB memoria=206.5 MB pico=206.5 MB tiempo=955.32s
   ⏱️ [posts] procesados=265000 lotes=265/300 uso=198.53 MB memoria=206.5 MB pico=206.5 MB tiempo=959.29s
   ⏱️ [posts] procesados=266000 lotes=266/300 uso=201.27 MB memoria=208.5 MB pico=208.5 MB tiempo=963.01s
   ⏱️ [posts] procesados=267000 lotes=267/300 uso=199.84 MB memoria=208.5 MB pico=208.5 MB tiempo=966.94s
   ⏱️ [posts] procesados=268000 lotes=268/300 uso=200.18 MB memoria=208.5 MB pico=208.5 MB tiempo=972.72s
   ⏱️ [posts] procesados=269000 lotes=269/300 uso=202.78 MB memoria=208.5 MB pico=208.5 MB tiempo=976.21s
   ⏱️ [posts] procesados=270000 lotes=270/300 uso=203.6 MB memoria=210.5 MB pico=210.5 MB tiempo=979.7s
   ⏱️ [posts] procesados=271000 lotes=271/300 uso=201.8 MB memoria=210.5 MB pico=210.5 MB tiempo=983.28s
   ⏱️ [posts] procesados=272000 lotes=272/300 uso=202.44 MB memoria=210.5 MB pico=210.5 MB tiempo=986.88s
   ⏱️ [posts] procesados=273000 lotes=273/300 uso=205.23 MB memoria=212.5 MB pico=212.5 MB tiempo=990.4s
   ⏱️ [posts] procesados=274000 lotes=274/300 uso=203.56 MB memoria=212.5 MB pico=212.5 MB tiempo=994.06s
   ⏱️ [posts] procesados=275000 lotes=275/300 uso=204.07 MB memoria=212.5 MB pico=212.5 MB tiempo=997.66s
   ⏱️ [posts] procesados=276000 lotes=276/300 uso=207.05 MB memoria=212.5 MB pico=212.5 MB tiempo=1001.77s
   ⏱️ [posts] procesados=277000 lotes=277/300 uso=207.49 MB memoria=214.5 MB pico=214.5 MB tiempo=1005.7s
   ⏱️ [posts] procesados=278000 lotes=278/300 uso=208.14 MB memoria=214.5 MB pico=214.5 MB tiempo=1009.62s
   ⏱️ [posts] procesados=279000 lotes=279/300 uso=206.68 MB memoria=214.5 MB pico=214.5 MB tiempo=1013.18s
   ⏱️ [posts] procesados=280000 lotes=280/300 uso=206.73 MB memoria=216.5 MB pico=216.5 MB tiempo=1016.59s
   ⏱️ [posts] procesados=281000 lotes=281/300 uso=209.74 MB memoria=216.5 MB pico=216.5 MB tiempo=1020.04s
   ⏱️ [posts] procesados=282000 lotes=282/300 uso=209.9 MB memoria=216.5 MB pico=216.5 MB tiempo=1023.55s
   ⏱️ [posts] procesados=283000 lotes=283/300 uso=210.6 MB memoria=216.5 MB pico=216.5 MB tiempo=1027.42s
   ⏱️ [posts] procesados=284000 lotes=284/300 uso=209.23 MB memoria=218.5 MB pico=218.5 MB tiempo=1031.36s
   ⏱️ [posts] procesados=285000 lotes=285/300 uso=209.64 MB memoria=218.5 MB pico=218.5 MB tiempo=1035.27s
   ⏱️ [posts] procesados=286000 lotes=286/300 uso=212.24 MB memoria=218.5 MB pico=218.5 MB tiempo=1039.01s
   ⏱️ [posts] procesados=287000 lotes=287/300 uso=210.64 MB memoria=220.5 MB pico=220.5 MB tiempo=1042.47s
   ⏱️ [posts] procesados=288000 lotes=288/300 uso=211.22 MB memoria=220.5 MB pico=220.5 MB tiempo=1046.54s
   ⏱️ [posts] procesados=289000 lotes=289/300 uso=213.88 MB memoria=220.5 MB pico=220.5 MB tiempo=1050.19s
   ⏱️ [posts] procesados=290000 lotes=290/300 uso=212.24 MB memoria=220.5 MB pico=220.5 MB tiempo=1054.04s
   ⏱️ [posts] procesados=291000 lotes=291/300 uso=212.87 MB memoria=222.5 MB pico=222.5 MB tiempo=1057.93s
   ⏱️ [posts] procesados=292000 lotes=292/300 uso=213.46 MB memoria=222.5 MB pico=222.5 MB tiempo=1061.92s
   ⏱️ [posts] procesados=293000 lotes=293/300 uso=216.2 MB memoria=222.5 MB pico=222.5 MB tiempo=1066.18s
   ⏱️ [posts] procesados=294000 lotes=294/300 uso=214.57 MB memoria=224.5 MB pico=224.5 MB tiempo=1072.33s
   ⏱️ [posts] procesados=295000 lotes=295/300 uso=217.26 MB memoria=224.5 MB pico=224.5 MB tiempo=1078.36s
   ⏱️ [posts] procesados=296000 lotes=296/300 uso=215.58 MB memoria=224.5 MB pico=224.5 MB tiempo=1082.14s
   ⏱️ [posts] procesados=297000 lotes=297/300 uso=216.5 MB memoria=224.5 MB pico=224.5 MB tiempo=1086.6s
   ⏱️ [posts] procesados=298000 lotes=298/300 uso=216.8 MB memoria=226.5 MB pico=226.5 MB tiempo=1090.36s
   ⏱️ [posts] procesados=299000 lotes=299/300 uso=219.4 MB memoria=226.5 MB pico=226.5 MB tiempo=1094.18s
   ⏱️ [posts] procesados=300000 lotes=300/300 uso=219.82 MB memoria=226.5 MB pico=226.5 MB tiempo=1097.98s
✔️ Fin del procesamiento de HTMLs individuales.
   ⏱️ [posts] procesados=300000 lotes=300 uso=208.2 MB memoria=226.5 MB pico=226.5 MB tiempo=1097.98s
📦 Regenerando índices globales dinámicos (JSON, Portadas, Sitemap)...
   📦 Generando metadatos en esquemas JSON inteligentes...
   ⏱️ [indices] procesados=0 lotes=0 uso=209.68 MB memoria=226.5 MB pico=226.5 MB tiempo=2232.23s
